NP_009231.2 1756 0.901484
NP_009225.1 1756 1.00169
NP_009228.2 1756 0.83442
NP_000537.3 306 0.925695
NP_001119584.1 306 0.925695
NP_001119585.1 306 0.836607
NP_001119586.1 306 0.823876
NP_000259.1 231 0.980092
NP_057502.2 231 0.957977
NP_861966.1 231 0.939321
NP_861967.1 231 0.933707
NP_861968.1 231 0.841749
NP_861970.1 231 0.957977
NP_861546.1 231 0.957977
NP_861969.1 231 0.841749
NP_004351.1 638 0.93915
